2026-08-13 10:17:57.020 | INFO     | app.core.init_app:init_db:1888 - database schema checked, missing tables have been created
2026-08-13 10:18:02.356 | DEBUG    | app.controllers.api:refresh_api:44 - API Created GET /api/v1/tg-assistant/config
2026-08-13 10:18:02.382 | DEBUG    | app.controllers.api:refresh_api:44 - API Created POST /api/v1/tg-assistant/config
2026-08-13 10:18:02.403 | DEBUG    | app.controllers.api:refresh_api:44 - API Created GET /api/v1/tg-assistant/logs
2026-08-13 10:18:02.857 | DEBUG    | app.core.init_app:init_companies:1921 - 签约主体公司已存在，跳过初始化
2026-08-13 10:18:02.959 | INFO     | app.services.project_task_notifier:notify_project_daily_summary:135 - project daily summary skipped: already_sent summary_date=%s
2026-08-13 10:19:02.936 | INFO     | app.services.project_task_notifier:notify_project_daily_summary:135 - project daily summary skipped: already_sent summary_date=%s
2026-08-13 10:20:02.970 | INFO     | app.services.project_task_notifier:notify_project_daily_summary:135 - project daily summary skipped: already_sent summary_date=%s
2026-08-13 10:21:02.993 | INFO     | app.services.project_task_notifier:notify_project_daily_summary:135 - project daily summary skipped: already_sent summary_date=%s
2026-08-13 10:22:03.015 | INFO     | app.services.project_task_notifier:notify_project_daily_summary:135 - project daily summary skipped: already_sent summary_date=%s
2026-08-13 10:23:03.022 | INFO     | app.services.project_task_notifier:notify_project_daily_summary:135 - project daily summary skipped: already_sent summary_date=%s
2026-08-13 10:24:03.061 | INFO     | app.services.project_task_notifier:notify_project_daily_summary:135 - project daily summary skipped: already_sent summary_date=%s
2026-08-13 10:25:03.059 | INFO     | app.services.project_task_notifier:notify_project_daily_summary:135 - project daily summary skipped: already_sent summary_date=%s
2026-08-13 10:26:03.071 | INFO     | app.services.project_task_notifier:notify_project_daily_summary:135 - project daily summary skipped: already_sent summary_date=%s
2026-08-13 10:27:03.153 | INFO     | app.services.project_task_notifier:notify_project_daily_summary:135 - project daily summary skipped: already_sent summary_date=%s
2026-08-13 10:28:03.142 | INFO     | app.services.project_task_notifier:notify_project_daily_summary:135 - project daily summary skipped: already_sent summary_date=%s
2026-08-13 10:29:03.157 | INFO     | app.services.project_task_notifier:notify_project_daily_summary:135 - project daily summary skipped: already_sent summary_date=%s
2026-08-13 10:30:03.198 | INFO     | app.services.project_task_notifier:notify_project_daily_summary:135 - project daily summary skipped: already_sent summary_date=%s
2026-08-13 10:31:03.247 | INFO     | app.services.project_task_notifier:notify_project_daily_summary:135 - project daily summary skipped: already_sent summary_date=%s
2026-08-13 10:32:03.282 | INFO     | app.services.project_task_notifier:notify_project_daily_summary:135 - project daily summary skipped: already_sent summary_date=%s
2026-08-13 10:33:03.313 | INFO     | app.services.project_task_notifier:notify_project_daily_summary:135 - project daily summary skipped: already_sent summary_date=%s
2026-08-13 10:34:03.327 | INFO     | app.services.project_task_notifier:notify_project_daily_summary:135 - project daily summary skipped: already_sent summary_date=%s
2026-08-13 10:35:03.357 | INFO     | app.services.project_task_notifier:notify_project_daily_summary:135 - project daily summary skipped: already_sent summary_date=%s
2026-08-13 10:36:03.402 | INFO     | app.services.project_task_notifier:notify_project_daily_summary:135 - project daily summary skipped: already_sent summary_date=%s
2026-08-13 10:37:03.404 | INFO     | app.services.project_task_notifier:notify_project_daily_summary:135 - project daily summary skipped: already_sent summary_date=%s
2026-08-13 10:38:03.442 | INFO     | app.services.project_task_notifier:notify_project_daily_summary:135 - project daily summary skipped: already_sent summary_date=%s
2026-08-13 10:39:03.466 | INFO     | app.services.project_task_notifier:notify_project_daily_summary:135 - project daily summary skipped: already_sent summary_date=%s
2026-08-13 10:40:03.490 | INFO     | app.services.project_task_notifier:notify_project_daily_summary:135 - project daily summary skipped: already_sent summary_date=%s
2026-08-13 10:41:03.510 | INFO     | app.services.project_task_notifier:notify_project_daily_summary:135 - project daily summary skipped: already_sent summary_date=%s
2026-08-13 10:42:06.577 | INFO     | app.core.init_app:init_db:1888 - database schema checked, missing tables have been created
2026-08-13 10:42:12.211 | DEBUG    | app.core.init_app:init_companies:1921 - 签约主体公司已存在，跳过初始化
2026-08-13 10:42:12.295 | INFO     | app.services.project_task_notifier:notify_project_daily_summary:135 - project daily summary skipped: already_sent summary_date=%s
2026-08-13 10:43:12.283 | INFO     | app.services.project_task_notifier:notify_project_daily_summary:135 - project daily summary skipped: already_sent summary_date=%s
2026-08-13 10:44:12.311 | INFO     | app.services.project_task_notifier:notify_project_daily_summary:135 - project daily summary skipped: already_sent summary_date=%s
2026-08-13 10:44:33.807 | INFO     | app.core.init_app:init_db:1888 - database schema checked, missing tables have been created
2026-08-13 10:44:39.786 | DEBUG    | app.core.init_app:init_companies:1921 - 签约主体公司已存在，跳过初始化
2026-08-13 10:44:39.874 | INFO     | app.services.project_task_notifier:notify_project_daily_summary:135 - project daily summary skipped: already_sent summary_date=%s
2026-08-13 10:45:39.869 | INFO     | app.services.project_task_notifier:notify_project_daily_summary:135 - project daily summary skipped: already_sent summary_date=%s
2026-08-13 10:46:39.904 | INFO     | app.services.project_task_notifier:notify_project_daily_summary:135 - project daily summary skipped: already_sent summary_date=%s
2026-08-13 10:47:39.925 | INFO     | app.services.project_task_notifier:notify_project_daily_summary:135 - project daily summary skipped: already_sent summary_date=%s
2026-08-13 10:48:39.942 | INFO     | app.services.project_task_notifier:notify_project_daily_summary:135 - project daily summary skipped: already_sent summary_date=%s
2026-08-13 10:49:39.965 | INFO     | app.services.project_task_notifier:notify_project_daily_summary:135 - project daily summary skipped: already_sent summary_date=%s
2026-08-13 10:50:39.980 | INFO     | app.services.project_task_notifier:notify_project_daily_summary:135 - project daily summary skipped: already_sent summary_date=%s
2026-08-13 10:51:40.136 | INFO     | app.services.project_task_notifier:notify_project_daily_summary:135 - project daily summary skipped: already_sent summary_date=%s
2026-08-13 10:52:40.171 | INFO     | app.services.project_task_notifier:notify_project_daily_summary:135 - project daily summary skipped: already_sent summary_date=%s
2026-08-13 10:53:40.187 | INFO     | app.services.project_task_notifier:notify_project_daily_summary:135 - project daily summary skipped: already_sent summary_date=%s
2026-08-13 10:54:40.257 | INFO     | app.services.project_task_notifier:notify_project_daily_summary:135 - project daily summary skipped: already_sent summary_date=%s
2026-08-13 10:55:40.253 | INFO     | app.services.project_task_notifier:notify_project_daily_summary:135 - project daily summary skipped: already_sent summary_date=%s
2026-08-13 10:56:40.273 | INFO     | app.services.project_task_notifier:notify_project_daily_summary:135 - project daily summary skipped: already_sent summary_date=%s
2026-08-13 10:57:40.328 | INFO     | app.services.project_task_notifier:notify_project_daily_summary:135 - project daily summary skipped: already_sent summary_date=%s
2026-08-13 10:58:40.316 | INFO     | app.services.project_task_notifier:notify_project_daily_summary:135 - project daily summary skipped: already_sent summary_date=%s
